Code output:

In-order data set.
        0
        1
        2
        3
        4
        5
        6
        7
        8
        9
        10
        11
        12
        13
        14
        15
        16
        17
        18
        19
        20
        21
        22
        23
        24
        25
        26
        27
        28
        29
        30
        31
        32
        33
        34
        35
        36
        37
        38
        39
        40
        41
        42
        43
        44
        45
        46
        47
        48
        49




Reverse-order data set.
        99
        98
        97
        96
        95
        94
        93
        92
        91
        90
        89
        88
        87
        86
        85
        84
        83
        82
        81
        80
        79
        78
        77
        76
        75
        74
        73
        72
        71
        70
        69
        68
        67
        66
        65
        64
        63
        62
        61
        60
        59
        58
        57
        56
        55
        54
        53
        52
        51
        50




Random order data set.
        41
        67
        34
        0
        69
        24
        78
        58
        62
        64
        5
        45
        81
        27
        61
        91
        95
        42
        27
        36
        91
        4
        2
        53
        92
        82
        21
        16
        18
        95
        47
        26
        71
        38
        69
        12
        67
        99
        35
        94
        3
        11
        22
        33
        73
        64
        41
        11
        53
        68